// Jest Snapshot v1, https://goo.gl/fbAQLP

exports[`Hero component should render correctly 1`] = `
<PageSection
  className="ins-c-hero pf-m-fill pf-l-flex pf-m-align-items-center pf-m-justify-content-center classname"
>
  <article
    className="pf-l-flex pf-m-column pf-m-align-items-center"
  >
    <Title
      className="ins-c-hero__title pf-m-spacer-lg"
      headingLevel="h1"
      size="4xl"
    >
       
      test
       
    </Title>
    <Title
      className="ins-c-hero__sub-title pf-m-spacer-xl"
      headingLevel="h2"
      size="xl"
    >
       
       
    </Title>
    <Component
      className="ins-c-hero__login"
      onClick={[Function]}
    >
      Log in to your Red Hat account
    </Component>
    <Component
      className="ins-c-hero__new-customer"
      component="a"
      href="https://www.redhat.com/en/customers"
      isInline={true}
      variant="link"
    >
      Not a customer?
    </Component>
  </article>
</PageSection>
`;
